C51 COMPILER V9.60.7.0   BTH5                                                              12/17/2024 21:21:28 PAGE 1   


C51 COMPILER V9.60.7.0, COMPILATION OF MODULE BTH5
OBJECT MODULE PLACED IN .\Objects\BTH5.obj
COMPILER INVOKED BY: C:\Keil_v5\C51\BIN\C51.EXE BTH5.c OPTIMIZE(8,SPEED) BROWSE DEBUG OBJECTEXTEND PRINT(.\Listings\BTH5
                    -.lst) TABS(2) OBJECT(.\Objects\BTH5.obj)

line level    source

   1          #include <REGX51.H>
   2          
   3          // Ð?nh nghia các chân LCD
   4          #define LCD_RS P2_0
   5          #define LCD_EN P2_1
   6          #define LCD_D4 P2_2
   7          #define LCD_D5 P2_3
   8          #define LCD_D6 P2_4
   9          #define LCD_D7 P2_5
  10          
  11          unsigned int cnt = 0;  // Bi?n toàn c?c
  12          bit tmp;
  13          char text[] = "0000";
  14          
  15          // Hàm ng?t ngoài
  16          void External_ISR() iv 0x0003 ics ICS_AUTO {
*** ERROR C132 IN LINE 16 OF BTH5.c: 'iv': not in formal parameter list
*** ERROR C141 IN LINE 16 OF BTH5.c: syntax error near '0x0003', expected ';'
*** ERROR C132 IN LINE 16 OF BTH5.c: 'ics': not in formal parameter list
*** ERROR C132 IN LINE 16 OF BTH5.c: 'ICS_AUTO': not in formal parameter list
  17              EA = 0;  // T?t ng?t toàn c?c
*** ERROR C244 IN LINE 17 OF BTH5.c: 'EA': can't initialize, bad type or class
*** ERROR C132 IN LINE 17 OF BTH5.c: 'EA': not in formal parameter list
  18              tmp = 1; // Ðánh d?u c?n tang bi?n d?m
*** ERROR C244 IN LINE 18 OF BTH5.c: 'tmp': can't initialize, bad type or class
*** ERROR C132 IN LINE 18 OF BTH5.c: 'tmp': not in formal parameter list
  19              EA = 1;  // B?t ng?t toàn c?c
*** ERROR C244 IN LINE 19 OF BTH5.c: 'EA': can't initialize, bad type or class
*** ERROR C132 IN LINE 19 OF BTH5.c: 'EA': not in formal parameter list
  20          }
*** ERROR C141 IN LINE 20 OF BTH5.c: syntax error near '}', expected 'hdata'
  21          
  22          // Hàm chính
  23          void main() {
  24   1          unsigned int j = 0;
  25   1          tmp = 0;
  26   1      
  27   1          P0 = 0xFF; // C?u hình P0 là ngõ ra
  28   1          P3 = 0xFF; // C?u hình P3 là ngõ vào
  29   1      
  30   1          IE = 0x81; // B?t ng?t ngoài INT0
  31   1      
  32   1          Lcd_Init();                     // Kh?i t?o LCD
  33   1          Lcd_Cmd(_LCD_CLEAR);            // Xóa LCD
  34   1          Lcd_Cmd(_LCD_CURSOR_OFF);       // T?t con tr? trên LCD
  35   1          Lcd_Out(1, 1, "Counter Example:");
  36   1          Lcd_Out(2, 1, "Template Code BK");
  37   1          delay_ms(2000);                 // Ð?i 2 giây
  38   1      
  39   1          Lcd_Cmd(_LCD_CLEAR);
  40   1          Lcd_Out(1, 1, "Number counter:");
  41   1      
  42   1          while (1) {
  43   2              if (tmp) {                  // N?u c?n tang bi?n d?m
C51 COMPILER V9.60.7.0   BTH5                                                              12/17/2024 21:21:28 PAGE 2   

  44   3                  cnt++;                  // Tang bi?n d?m
  45   3                  tmp = 0;                // Reset c?
  46   3              }
  47   2      
  48   2              P0 = cnt;                   // Xu?t giá tr? d?m ra Port 0
  49   2      
  50   2              // Hi?n th? s? trên LCD
  51   2              text[0] = cnt / 1000 + '0';
  52   2              text[1] = (cnt / 100) % 10 + '0';
  53   2              text[2] = (cnt / 10) % 10 + '0';
  54   2              text[3] = cnt % 10 + '0';
  55   2      
  56   2              Lcd_Out(2, 6, text);        // Xu?t s? ra dòng 2, c?t 6
  57   2              delay_ms(100);              // Tránh l?i do nh?n phím
  58   2          }
  59   1      }

C51 COMPILATION COMPLETE.  0 WARNING(S),  11 ERROR(S)
